// Jest Snapshot v1, https://goo.gl/fbAQLP

exports[`Main should mount correctly 1`] = `ReactWrapper {}`;

exports[`Main should render correctly 1`] = `
Object {
  "asFragment": [Function],
  "baseElement": <body>
    <div>
      <div
        class="main__container"
      >
        <div
          class="main__delimiter"
        >
          <div
            class="main__header"
          >
            <h1
              class="main__title"
            >
              Consumers
              <small
                class="main__counter"
              >
                (
                13
                )
              </small>
            </h1>
            <div
              class="main__actions"
            >
              <button
                class="main__button-light btn btn-light"
                type="button"
              >
                Filter
                <img
                  alt="Filter"
                  class="main__filter-icon"
                  src="img/icon-14.png"
                />
              </button>
              <button
                class="main__button-primary btn btn-primary"
                type="button"
              >
                Add Consumer
                <img
                  alt="Add"
                  class="main__plus-icon"
                  src="img/icon-13.png"
                />
              </button>
            </div>
          </div>
          <table
            class="main__table"
          >
            <thead>
              <tr
                class="main__table-header-row"
              >
                <th
                  class="main__table-header-checkbox"
                >
                  <input
                    class="main__checkbox"
                    type="checkbox"
                  />
                </th>
                <th
                  class="main__table-header-id"
                >
                  ID
                </th>
                <th
                  class="main__table-header-logo"
                >
                  COMPANY
                </th>
                <th
                  class="main__table-header-name"
                >
                  NAME
                </th>
                <th
                  class="main__table-header-budget"
                >
                  BUDGET
                </th>
                <th
                  class="main__table-header-budget-spent"
                >
                  BUDGET SPENT
                </th>
                <th
                  class="main__table-header-date"
                >
                  DATE OF FIRST PURCHASE
                </th>
                <th>
                   
                </th>
              </tr>
            </thead>
            <tbody
              class="main__table-body"
            >
              <tr
                class="main__table-row"
              >
                <td>
                  <input
                    class="main__checkbox"
                    type="checkbox"
                  />
                </td>
                <td>
                  1
                </td>
                <td>
                  <img
                    alt="Company Logo"
                    class="main__row-logo"
                    src="img/logo-1.png"
                  />
                </td>
                <td>
                  Starbucks
                </td>
                <td>
                  €
                  94.726,57
                </td>
                <td>
                  €
                  5.783,71
                </td>
                <td>
                  16/03/2119
                </td>
                <td>
                  <img
                    alt="Further actions"
                    class="main__row-action"
                    src="img/icon-8.png"
                  />
                </td>
              </tr>
              <tr
                class="main__table-row"
              >
                <td>
                  <input
                    class="main__checkbox"
                    type="checkbox"
                  />
                </td>
                <td>
                  2
                </td>
                <td>
                  <img
                    alt="Company Logo"
                    class="main__row-logo"
                    src="img/logo-2.png"
                  />
                </td>
                <td>
                  NBC
                </td>
                <td>
                  €
                  56.104,03
                </td>
                <td>
                  €
                  3.943,57
                </td>
                <td>
                  20/09/2119
                </td>
                <td>
                  <img
                    alt="Further actions"
                    class="main__row-action"
                    src="img/icon-8.png"
                  />
                </td>
              </tr>
              <tr
                class="main__table-row"
              >
                <td>
                  <input
                    class="main__checkbox"
                    type="checkbox"
                  />
                </td>
                <td>
                  3
                </td>
                <td>
                  <img
                    alt="Company Logo"
                    class="main__row-logo"
                    src="img/logo-3.png"
                  />
                </td>
                <td>
                  Dominos
                </td>
                <td>
                  €
                  17.573,66
                </td>
                <td>
                  €
                  6.852,01
                </td>
                <td>
                  21/01/2119
                </td>
                <td>
                  <img
                    alt="Further actions"
                    class="main__row-action"
                    src="img/icon-8.png"
                  />
                </td>
              </tr>
              <tr
                class="main__table-row"
              >
                <td>
                  <input
                    class="main__checkbox"
                    type="checkbox"
                  />
                </td>
                <td>
                  4
                </td>
                <td>
                  <img
                    alt="Company Logo"
                    class="main__row-logo"
                    src="img/logo-4.png"
                  />
                </td>
                <td>
                  Shell
                </td>
                <td>
                  €
                  94.624,31
                </td>
                <td>
                  €
                  1.049,93
                </td>
                <td>
                  30/12/2119
                </td>
                <td>
                  <img
                    alt="Further actions"
                    class="main__row-action"
                    src="img/icon-8.png"
                  />
                </td>
              </tr>
              <tr
                class="main__table-row"
              >
                <td>
                  <input
                    class="main__checkbox"
                    type="checkbox"
                  />
                </td>
                <td>
                  5
                </td>
                <td>
                  <img
                    alt="Company Logo"
                    class="main__row-logo"
                    src="img/logo-5.png"
                  />
                </td>
                <td>
                  Pepsi
                </td>
                <td>
                  €
                  46.105,36
                </td>
                <td>
                  €
                  2.934,57
                </td>
                <td>
                  14/07/2119
                </td>
                <td>
                  <img
                    alt="Further actions"
                    class="main__row-action"
                    src="img/icon-8.png"
                  />
                </td>
              </tr>
              <tr
                class="main__table-row"
              >
                <td>
                  <input
                    class="main__checkbox"
                    type="checkbox"
                  />
                </td>
                <td>
                  6
                </td>
                <td>
                  <img
                    alt="Company Logo"
                    class="main__row-logo"
                    src="img/logo-6.png"
                  />
                </td>
                <td>
                  Dove
                </td>
                <td>
                  €
                  89.240,46
                </td>
                <td>
                  €
                  5.823,50
                </td>
                <td>
                  07/10/2119
                </td>
                <td>
                  <img
                    alt="Further actions"
                    class="main__row-action"
                    src="img/icon-8.png"
                  />
                </td>
              </tr>
              <tr
                class="main__table-row"
              >
                <td>
                  <input
                    class="main__checkbox"
                    type="checkbox"
                  />
                </td>
                <td>
                  7
                </td>
                <td>
                  <img
                    alt="Company Logo"
                    class="main__row-logo"
                    src="img/logo-7.png"
                  />
                </td>
                <td>
                  Dell
                </td>
                <td>
                  €
                  30.194,16
                </td>
                <td>
                  €
                  9.494,40
                </td>
                <td>
                  07/01/2119
                </td>
                <td>
                  <img
                    alt="Further actions"
                    class="main__row-action"
                    src="img/icon-8.png"
                  />
                </td>
              </tr>
              <tr
                class="main__table-row"
              >
                <td>
                  <input
                    class="main__checkbox"
                    type="checkbox"
                  />
                </td>
                <td>
                  8
                </td>
                <td>
                  <img
                    alt="Company Logo"
                    class="main__row-logo"
                    src="img/logo-8.png"
                  />
                </td>
                <td>
                  Fanta
                </td>
                <td>
                  €
                  35.124,10
                </td>
                <td>
                  €
                  4.935,15
                </td>
                <td>
                  02/04/2119
                </td>
                <td>
                  <img
                    alt="Further actions"
                    class="main__row-action"
                    src="img/icon-8.png"
                  />
                </td>
              </tr>
              <tr
                class="main__table-row"
              >
                <td>
                  <input
                    class="main__checkbox"
                    type="checkbox"
                  />
                </td>
                <td>
                  9
                </td>
                <td>
                  <img
                    alt="Company Logo"
                    class="main__row-logo"
                    src="img/logo-9.png"
                  />
                </td>
                <td>
                  LG
                </td>
                <td>
                  €
                  64.948,15
                </td>
                <td>
                  €
                  4.158,50
                </td>
                <td>
                  19/03/2119
                </td>
                <td>
                  <img
                    alt="Further actions"
                    class="main__row-action"
                    src="img/icon-8.png"
                  />
                </td>
              </tr>
              <tr
                class="main__table-row"
              >
                <td>
                  <input
                    class="main__checkbox"
                    type="checkbox"
                  />
                </td>
                <td>
                  10
                </td>
                <td>
                  <img
                    alt="Company Logo"
                    class="main__row-logo"
                    src="img/logo-10.png"
                  />
                </td>
                <td>
                  Volkswagen
                </td>
                <td>
                  €
                  10.353,30
                </td>
                <td>
                  €
                  9.485,76
                </td>
                <td>
                  15/06/2119
                </td>
                <td>
                  <img
                    alt="Further actions"
                    class="main__row-action"
                    src="img/icon-8.png"
                  />
                </td>
              </tr>
              <tr
                class="main__table-row"
              >
                <td>
                  <input
                    class="main__checkbox"
                    type="checkbox"
                  />
                </td>
                <td>
                  11
                </td>
                <td>
                  <img
                    alt="Company Logo"
                    class="main__row-logo"
                    src="img/logo-11.png"
                  />
                </td>
                <td>
                  Adidas
                </td>
                <td>
                  €
                  12.833,88
                </td>
                <td>
                  €
                  5.772,56
                </td>
                <td>
                  03/10/2119
                </td>
                <td>
                  <img
                    alt="Further actions"
                    class="main__row-action"
                    src="img/icon-8.png"
                  />
                </td>
              </tr>
              <tr
                class="main__table-row"
              >
                <td>
                  <input
                    class="main__checkbox"
                    type="checkbox"
                  />
                </td>
                <td>
                  12
                </td>
                <td>
                  <img
                    alt="Company Logo"
                    class="main__row-logo"
                    src="img/logo-12.png"
                  />
                </td>
                <td>
                  Cisco
                </td>
                <td>
                  €
                  42.952,23
                </td>
                <td>
                  €
                  6.620,00
                </td>
                <td>
                  12/12/2119
                </td>
                <td>
                  <img
                    alt="Further actions"
                    class="main__row-action"
                    src="img/icon-8.png"
                  />
                </td>
              </tr>
              <tr
                class="main__table-row"
              >
                <td>
                  <input
                    class="main__checkbox"
                    type="checkbox"
                  />
                </td>
                <td>
                  13
                </td>
                <td>
                  <img
                    alt="Company Logo"
                    class="main__row-logo"
                    src="img/logo-13.png"
                  />
                </td>
                <td>
                  Airbnb
                </td>
                <td>
                  €
                  91.835,63
                </td>
                <td>
                  €
                  9.246,22
                </td>
                <td>
                  08/05/2119
                </td>
                <td>
                  <img
                    alt="Further actions"
                    class="main__row-action"
                    src="img/icon-8.png"
                  />
                </td>
              </tr>
            </tbody>
          </table>
        </div>
      </div>
    </div>
  </body>,
  "container": <div>
    <div
      class="main__container"
    >
      <div
        class="main__delimiter"
      >
        <div
          class="main__header"
        >
          <h1
            class="main__title"
          >
            Consumers
            <small
              class="main__counter"
            >
              (
              13
              )
            </small>
          </h1>
          <div
            class="main__actions"
          >
            <button
              class="main__button-light btn btn-light"
              type="button"
            >
              Filter
              <img
                alt="Filter"
                class="main__filter-icon"
                src="img/icon-14.png"
              />
            </button>
            <button
              class="main__button-primary btn btn-primary"
              type="button"
            >
              Add Consumer
              <img
                alt="Add"
                class="main__plus-icon"
                src="img/icon-13.png"
              />
            </button>
          </div>
        </div>
        <table
          class="main__table"
        >
          <thead>
            <tr
              class="main__table-header-row"
            >
              <th
                class="main__table-header-checkbox"
              >
                <input
                  class="main__checkbox"
                  type="checkbox"
                />
              </th>
              <th
                class="main__table-header-id"
              >
                ID
              </th>
              <th
                class="main__table-header-logo"
              >
                COMPANY
              </th>
              <th
                class="main__table-header-name"
              >
                NAME
              </th>
              <th
                class="main__table-header-budget"
              >
                BUDGET
              </th>
              <th
                class="main__table-header-budget-spent"
              >
                BUDGET SPENT
              </th>
              <th
                class="main__table-header-date"
              >
                DATE OF FIRST PURCHASE
              </th>
              <th>
                 
              </th>
            </tr>
          </thead>
          <tbody
            class="main__table-body"
          >
            <tr
              class="main__table-row"
            >
              <td>
                <input
                  class="main__checkbox"
                  type="checkbox"
                />
              </td>
              <td>
                1
              </td>
              <td>
                <img
                  alt="Company Logo"
                  class="main__row-logo"
                  src="img/logo-1.png"
                />
              </td>
              <td>
                Starbucks
              </td>
              <td>
                €
                94.726,57
              </td>
              <td>
                €
                5.783,71
              </td>
              <td>
                16/03/2119
              </td>
              <td>
                <img
                  alt="Further actions"
                  class="main__row-action"
                  src="img/icon-8.png"
                />
              </td>
            </tr>
            <tr
              class="main__table-row"
            >
              <td>
                <input
                  class="main__checkbox"
                  type="checkbox"
                />
              </td>
              <td>
                2
              </td>
              <td>
                <img
                  alt="Company Logo"
                  class="main__row-logo"
                  src="img/logo-2.png"
                />
              </td>
              <td>
                NBC
              </td>
              <td>
                €
                56.104,03
              </td>
              <td>
                €
                3.943,57
              </td>
              <td>
                20/09/2119
              </td>
              <td>
                <img
                  alt="Further actions"
                  class="main__row-action"
                  src="img/icon-8.png"
                />
              </td>
            </tr>
            <tr
              class="main__table-row"
            >
              <td>
                <input
                  class="main__checkbox"
                  type="checkbox"
                />
              </td>
              <td>
                3
              </td>
              <td>
                <img
                  alt="Company Logo"
                  class="main__row-logo"
                  src="img/logo-3.png"
                />
              </td>
              <td>
                Dominos
              </td>
              <td>
                €
                17.573,66
              </td>
              <td>
                €
                6.852,01
              </td>
              <td>
                21/01/2119
              </td>
              <td>
                <img
                  alt="Further actions"
                  class="main__row-action"
                  src="img/icon-8.png"
                />
              </td>
            </tr>
            <tr
              class="main__table-row"
            >
              <td>
                <input
                  class="main__checkbox"
                  type="checkbox"
                />
              </td>
              <td>
                4
              </td>
              <td>
                <img
                  alt="Company Logo"
                  class="main__row-logo"
                  src="img/logo-4.png"
                />
              </td>
              <td>
                Shell
              </td>
              <td>
                €
                94.624,31
              </td>
              <td>
                €
                1.049,93
              </td>
              <td>
                30/12/2119
              </td>
              <td>
                <img
                  alt="Further actions"
                  class="main__row-action"
                  src="img/icon-8.png"
                />
              </td>
            </tr>
            <tr
              class="main__table-row"
            >
              <td>
                <input
                  class="main__checkbox"
                  type="checkbox"
                />
              </td>
              <td>
                5
              </td>
              <td>
                <img
                  alt="Company Logo"
                  class="main__row-logo"
                  src="img/logo-5.png"
                />
              </td>
              <td>
                Pepsi
              </td>
              <td>
                €
                46.105,36
              </td>
              <td>
                €
                2.934,57
              </td>
              <td>
                14/07/2119
              </td>
              <td>
                <img
                  alt="Further actions"
                  class="main__row-action"
                  src="img/icon-8.png"
                />
              </td>
            </tr>
            <tr
              class="main__table-row"
            >
              <td>
                <input
                  class="main__checkbox"
                  type="checkbox"
                />
              </td>
              <td>
                6
              </td>
              <td>
                <img
                  alt="Company Logo"
                  class="main__row-logo"
                  src="img/logo-6.png"
                />
              </td>
              <td>
                Dove
              </td>
              <td>
                €
                89.240,46
              </td>
              <td>
                €
                5.823,50
              </td>
              <td>
                07/10/2119
              </td>
              <td>
                <img
                  alt="Further actions"
                  class="main__row-action"
                  src="img/icon-8.png"
                />
              </td>
            </tr>
            <tr
              class="main__table-row"
            >
              <td>
                <input
                  class="main__checkbox"
                  type="checkbox"
                />
              </td>
              <td>
                7
              </td>
              <td>
                <img
                  alt="Company Logo"
                  class="main__row-logo"
                  src="img/logo-7.png"
                />
              </td>
              <td>
                Dell
              </td>
              <td>
                €
                30.194,16
              </td>
              <td>
                €
                9.494,40
              </td>
              <td>
                07/01/2119
              </td>
              <td>
                <img
                  alt="Further actions"
                  class="main__row-action"
                  src="img/icon-8.png"
                />
              </td>
            </tr>
            <tr
              class="main__table-row"
            >
              <td>
                <input
                  class="main__checkbox"
                  type="checkbox"
                />
              </td>
              <td>
                8
              </td>
              <td>
                <img
                  alt="Company Logo"
                  class="main__row-logo"
                  src="img/logo-8.png"
                />
              </td>
              <td>
                Fanta
              </td>
              <td>
                €
                35.124,10
              </td>
              <td>
                €
                4.935,15
              </td>
              <td>
                02/04/2119
              </td>
              <td>
                <img
                  alt="Further actions"
                  class="main__row-action"
                  src="img/icon-8.png"
                />
              </td>
            </tr>
            <tr
              class="main__table-row"
            >
              <td>
                <input
                  class="main__checkbox"
                  type="checkbox"
                />
              </td>
              <td>
                9
              </td>
              <td>
                <img
                  alt="Company Logo"
                  class="main__row-logo"
                  src="img/logo-9.png"
                />
              </td>
              <td>
                LG
              </td>
              <td>
                €
                64.948,15
              </td>
              <td>
                €
                4.158,50
              </td>
              <td>
                19/03/2119
              </td>
              <td>
                <img
                  alt="Further actions"
                  class="main__row-action"
                  src="img/icon-8.png"
                />
              </td>
            </tr>
            <tr
              class="main__table-row"
            >
              <td>
                <input
                  class="main__checkbox"
                  type="checkbox"
                />
              </td>
              <td>
                10
              </td>
              <td>
                <img
                  alt="Company Logo"
                  class="main__row-logo"
                  src="img/logo-10.png"
                />
              </td>
              <td>
                Volkswagen
              </td>
              <td>
                €
                10.353,30
              </td>
              <td>
                €
                9.485,76
              </td>
              <td>
                15/06/2119
              </td>
              <td>
                <img
                  alt="Further actions"
                  class="main__row-action"
                  src="img/icon-8.png"
                />
              </td>
            </tr>
            <tr
              class="main__table-row"
            >
              <td>
                <input
                  class="main__checkbox"
                  type="checkbox"
                />
              </td>
              <td>
                11
              </td>
              <td>
                <img
                  alt="Company Logo"
                  class="main__row-logo"
                  src="img/logo-11.png"
                />
              </td>
              <td>
                Adidas
              </td>
              <td>
                €
                12.833,88
              </td>
              <td>
                €
                5.772,56
              </td>
              <td>
                03/10/2119
              </td>
              <td>
                <img
                  alt="Further actions"
                  class="main__row-action"
                  src="img/icon-8.png"
                />
              </td>
            </tr>
            <tr
              class="main__table-row"
            >
              <td>
                <input
                  class="main__checkbox"
                  type="checkbox"
                />
              </td>
              <td>
                12
              </td>
              <td>
                <img
                  alt="Company Logo"
                  class="main__row-logo"
                  src="img/logo-12.png"
                />
              </td>
              <td>
                Cisco
              </td>
              <td>
                €
                42.952,23
              </td>
              <td>
                €
                6.620,00
              </td>
              <td>
                12/12/2119
              </td>
              <td>
                <img
                  alt="Further actions"
                  class="main__row-action"
                  src="img/icon-8.png"
                />
              </td>
            </tr>
            <tr
              class="main__table-row"
            >
              <td>
                <input
                  class="main__checkbox"
                  type="checkbox"
                />
              </td>
              <td>
                13
              </td>
              <td>
                <img
                  alt="Company Logo"
                  class="main__row-logo"
                  src="img/logo-13.png"
                />
              </td>
              <td>
                Airbnb
              </td>
              <td>
                €
                91.835,63
              </td>
              <td>
                €
                9.246,22
              </td>
              <td>
                08/05/2119
              </td>
              <td>
                <img
                  alt="Further actions"
                  class="main__row-action"
                  src="img/icon-8.png"
                />
              </td>
            </tr>
          </tbody>
        </table>
      </div>
    </div>
  </div>,
  "debug": [Function],
  "findAllByAltText": [Function],
  "findAllByDisplayValue": [Function],
  "findAllByLabelText": [Function],
  "findAllByPlaceholderText": [Function],
  "findAllByRole": [Function],
  "findAllByTestId": [Function],
  "findAllByText": [Function],
  "findAllByTitle": [Function],
  "findByAltText": [Function],
  "findByDisplayValue": [Function],
  "findByLabelText": [Function],
  "findByPlaceholderText": [Function],
  "findByRole": [Function],
  "findByTestId": [Function],
  "findByText": [Function],
  "findByTitle": [Function],
  "getAllByAltText": [Function],
  "getAllByDisplayValue": [Function],
  "getAllByLabelText": [Function],
  "getAllByPlaceholderText": [Function],
  "getAllByRole": [Function],
  "getAllByTestId": [Function],
  "getAllByText": [Function],
  "getAllByTitle": [Function],
  "getByAltText": [Function],
  "getByDisplayValue": [Function],
  "getByLabelText": [Function],
  "getByPlaceholderText": [Function],
  "getByRole": [Function],
  "getByTestId": [Function],
  "getByText": [Function],
  "getByTitle": [Function],
  "queryAllByAltText": [Function],
  "queryAllByDisplayValue": [Function],
  "queryAllByLabelText": [Function],
  "queryAllByPlaceholderText": [Function],
  "queryAllByRole": [Function],
  "queryAllByTestId": [Function],
  "queryAllByText": [Function],
  "queryAllByTitle": [Function],
  "queryByAltText": [Function],
  "queryByDisplayValue": [Function],
  "queryByLabelText": [Function],
  "queryByPlaceholderText": [Function],
  "queryByRole": [Function],
  "queryByTestId": [Function],
  "queryByText": [Function],
  "queryByTitle": [Function],
  "rerender": [Function],
  "unmount": [Function],
}
`;

exports[`Main should shallow correctly 1`] = `ShallowWrapper {}`;
